------------------------------------------------------------
Timing Analyzer Summary
------------------------------------------------------------

Type  : Slow 1200mV 85C Model Setup 'counter:slowClock|\counter_p:slow_clk_v'
Slack : -4.221
TNS   : -58.911

Type  : Slow 1200mV 85C Model Setup 'MCLK'
Slack : -3.548
TNS   : -33.303

Type  : Slow 1200mV 85C Model Setup 'currentState.pressRecieved'
Slack : -1.689
TNS   : -1.689

Type  : Slow 1200mV 85C Model Setup 'currentState.waitPress'
Slack : -1.662
TNS   : -3.129

Type  : Slow 1200mV 85C Model Hold 'counter:slowClock|\counter_p:slow_clk_v'
Slack : 0.404
TNS   : 0.000

Type  : Slow 1200mV 85C Model Hold 'currentState.waitPress'
Slack : 0.434
TNS   : 0.000

Type  : Slow 1200mV 85C Model Hold 'currentState.pressRecieved'
Slack : 0.555
TNS   : 0.000

Type  : Slow 1200mV 85C Model Hold 'MCLK'
Slack : 0.642
TNS   : 0.000

Type  : Slow 1200mV 85C Model Minimum Pulse Width 'MCLK'
Slack : -3.000
TNS   : -28.700

Type  : Slow 1200mV 85C Model Minimum Pulse Width 'counter:slowClock|\counter_p:slow_clk_v'
Slack : -1.285
TNS   : -25.700

Type  : Slow 1200mV 85C Model Minimum Pulse Width 'currentState.waitPress'
Slack : 0.409
TNS   : 0.000

Type  : Slow 1200mV 85C Model Minimum Pulse Width 'currentState.pressRecieved'
Slack : 0.440
TNS   : 0.000

Type  : Slow 1200mV 0C Model Setup 'counter:slowClock|\counter_p:slow_clk_v'
Slack : -3.765
TNS   : -52.381

Type  : Slow 1200mV 0C Model Setup 'MCLK'
Slack : -3.175
TNS   : -28.011

Type  : Slow 1200mV 0C Model Setup 'currentState.pressRecieved'
Slack : -1.567
TNS   : -1.567

Type  : Slow 1200mV 0C Model Setup 'currentState.waitPress'
Slack : -1.469
TNS   : -2.732

Type  : Slow 1200mV 0C Model Hold 'counter:slowClock|\counter_p:slow_clk_v'
Slack : 0.354
TNS   : 0.000

Type  : Slow 1200mV 0C Model Hold 'currentState.waitPress'
Slack : 0.428
TNS   : 0.000

Type  : Slow 1200mV 0C Model Hold 'currentState.pressRecieved'
Slack : 0.496
TNS   : 0.000

Type  : Slow 1200mV 0C Model Hold 'MCLK'
Slack : 0.585
TNS   : 0.000

Type  : Slow 1200mV 0C Model Minimum Pulse Width 'MCLK'
Slack : -3.000
TNS   : -28.700

Type  : Slow 1200mV 0C Model Minimum Pulse Width 'counter:slowClock|\counter_p:slow_clk_v'
Slack : -1.285
TNS   : -25.700

Type  : Slow 1200mV 0C Model Minimum Pulse Width 'currentState.waitPress'
Slack : 0.423
TNS   : 0.000

Type  : Slow 1200mV 0C Model Minimum Pulse Width 'currentState.pressRecieved'
Slack : 0.465
TNS   : 0.000

Type  : Fast 1200mV 0C Model Setup 'counter:slowClock|\counter_p:slow_clk_v'
Slack : -1.604
TNS   : -21.195

Type  : Fast 1200mV 0C Model Setup 'MCLK'
Slack : -1.296
TNS   : -6.865

Type  : Fast 1200mV 0C Model Setup 'currentState.waitPress'
Slack : -0.642
TNS   : -0.839

Type  : Fast 1200mV 0C Model Setup 'currentState.pressRecieved'
Slack : -0.529
TNS   : -0.529

Type  : Fast 1200mV 0C Model Hold 'currentState.waitPress'
Slack : 0.181
TNS   : 0.000

Type  : Fast 1200mV 0C Model Hold 'counter:slowClock|\counter_p:slow_clk_v'
Slack : 0.182
TNS   : 0.000

Type  : Fast 1200mV 0C Model Hold 'MCLK'
Slack : 0.291
TNS   : 0.000

Type  : Fast 1200mV 0C Model Hold 'currentState.pressRecieved'
Slack : 0.311
TNS   : 0.000

Type  : Fast 1200mV 0C Model Minimum Pulse Width 'MCLK'
Slack : -3.000
TNS   : -24.240

Type  : Fast 1200mV 0C Model Minimum Pulse Width 'counter:slowClock|\counter_p:slow_clk_v'
Slack : -1.000
TNS   : -20.000

Type  : Fast 1200mV 0C Model Minimum Pulse Width 'currentState.pressRecieved'
Slack : 0.434
TNS   : 0.000

Type  : Fast 1200mV 0C Model Minimum Pulse Width 'currentState.waitPress'
Slack : 0.443
TNS   : 0.000

------------------------------------------------------------
