------------------------------------------------------------
Timing Analyzer Summary
------------------------------------------------------------

Type  : Slow 1200mV 85C Model Setup 'counter:slowClock|\counter_p:slow_clk_v'
Slack : -3.924
TNS   : -52.631

Type  : Slow 1200mV 85C Model Setup 'MCLK'
Slack : -3.528
TNS   : -33.192

Type  : Slow 1200mV 85C Model Setup 'currentState.waitPress'
Slack : -1.332
TNS   : -2.483

Type  : Slow 1200mV 85C Model Setup 'currentState.pressRecieved'
Slack : -0.989
TNS   : -0.989

Type  : Slow 1200mV 85C Model Hold 'currentState.pressRecieved'
Slack : 0.028
TNS   : 0.000

Type  : Slow 1200mV 85C Model Hold 'currentState.waitPress'
Slack : 0.372
TNS   : 0.000

Type  : Slow 1200mV 85C Model Hold 'counter:slowClock|\counter_p:slow_clk_v'
Slack : 0.403
TNS   : 0.000

Type  : Slow 1200mV 85C Model Hold 'MCLK'
Slack : 0.641
TNS   : 0.000

Type  : Slow 1200mV 85C Model Minimum Pulse Width 'MCLK'
Slack : -3.000
TNS   : -28.700

Type  : Slow 1200mV 85C Model Minimum Pulse Width 'counter:slowClock|\counter_p:slow_clk_v'
Slack : -1.285
TNS   : -25.700

Type  : Slow 1200mV 85C Model Minimum Pulse Width 'currentState.pressRecieved'
Slack : 0.407
TNS   : 0.000

Type  : Slow 1200mV 85C Model Minimum Pulse Width 'currentState.waitPress'
Slack : 0.435
TNS   : 0.000

Type  : Slow 1200mV 0C Model Setup 'counter:slowClock|\counter_p:slow_clk_v'
Slack : -3.593
TNS   : -47.471

Type  : Slow 1200mV 0C Model Setup 'MCLK'
Slack : -3.199
TNS   : -28.277

Type  : Slow 1200mV 0C Model Setup 'currentState.waitPress'
Slack : -1.172
TNS   : -2.132

Type  : Slow 1200mV 0C Model Setup 'currentState.pressRecieved'
Slack : -0.923
TNS   : -0.923

Type  : Slow 1200mV 0C Model Hold 'currentState.pressRecieved'
Slack : 0.023
TNS   : 0.000

Type  : Slow 1200mV 0C Model Hold 'counter:slowClock|\counter_p:slow_clk_v'
Slack : 0.353
TNS   : 0.000

Type  : Slow 1200mV 0C Model Hold 'currentState.waitPress'
Slack : 0.397
TNS   : 0.000

Type  : Slow 1200mV 0C Model Hold 'MCLK'
Slack : 0.585
TNS   : 0.000

Type  : Slow 1200mV 0C Model Minimum Pulse Width 'MCLK'
Slack : -3.000
TNS   : -28.700

Type  : Slow 1200mV 0C Model Minimum Pulse Width 'counter:slowClock|\counter_p:slow_clk_v'
Slack : -1.285
TNS   : -25.700

Type  : Slow 1200mV 0C Model Minimum Pulse Width 'currentState.pressRecieved'
Slack : 0.426
TNS   : 0.000

Type  : Slow 1200mV 0C Model Minimum Pulse Width 'currentState.waitPress'
Slack : 0.456
TNS   : 0.000

Type  : Fast 1200mV 0C Model Setup 'MCLK'
Slack : -1.295
TNS   : -6.647

Type  : Fast 1200mV 0C Model Setup 'counter:slowClock|\counter_p:slow_clk_v'
Slack : -1.293
TNS   : -16.234

Type  : Fast 1200mV 0C Model Setup 'currentState.waitPress'
Slack : -0.475
TNS   : -0.515

Type  : Fast 1200mV 0C Model Setup 'currentState.pressRecieved'
Slack : -0.207
TNS   : -0.207

Type  : Fast 1200mV 0C Model Hold 'currentState.pressRecieved'
Slack : 0.086
TNS   : 0.000

Type  : Fast 1200mV 0C Model Hold 'currentState.waitPress'
Slack : 0.168
TNS   : 0.000

Type  : Fast 1200mV 0C Model Hold 'counter:slowClock|\counter_p:slow_clk_v'
Slack : 0.181
TNS   : 0.000

Type  : Fast 1200mV 0C Model Hold 'MCLK'
Slack : 0.291
TNS   : 0.000

Type  : Fast 1200mV 0C Model Minimum Pulse Width 'MCLK'
Slack : -3.000
TNS   : -24.240

Type  : Fast 1200mV 0C Model Minimum Pulse Width 'counter:slowClock|\counter_p:slow_clk_v'
Slack : -1.000
TNS   : -20.000

Type  : Fast 1200mV 0C Model Minimum Pulse Width 'currentState.pressRecieved'
Slack : 0.429
TNS   : 0.000

Type  : Fast 1200mV 0C Model Minimum Pulse Width 'currentState.waitPress'
Slack : 0.435
TNS   : 0.000

------------------------------------------------------------
